// Vitest Snapshot v1, https://vitest.dev/guide/snapshot.html

exports[`experimentalVueInternal differential report > produces differential summary {"printWidth":80} 1`] = `
{
  "changedFromInput": 6,
  "equalToPrettier": 6,
  "errorSample": [],
  "errors": 0,
  "fixtureSource": "edge-only",
  "fixtures": 6,
  "mismatchKinds": {
    "scriptOnly": 0,
    "templateAndScript": 0,
    "templateOnly": 0,
    "unresolved": 0,
  },
  "mismatchSample": [],
  "mismatches": 0,
  "note": "Run \`pnpm download-prettier-fixtures\` in apps/oxfmt for broader differential coverage",
}
`;

exports[`experimentalVueInternal differential report > produces differential summary {"printWidth":100,"vueIndentScriptAndStyle":true,"singleQuote":true} 1`] = `
{
  "changedFromInput": 6,
  "equalToPrettier": 6,
  "errorSample": [],
  "errors": 0,
  "fixtureSource": "edge-only",
  "fixtures": 6,
  "mismatchKinds": {
    "scriptOnly": 0,
    "templateAndScript": 0,
    "templateOnly": 0,
    "unresolved": 0,
  },
  "mismatchSample": [],
  "mismatches": 0,
  "note": "Run \`pnpm download-prettier-fixtures\` in apps/oxfmt for broader differential coverage",
}
`;
